[wowtheme7.com/tf/sasstech/index-2.html]
[backblue.gif]
[fade.gif]
[index.html]
[wowtheme7.com/tf/sasstech/assets/images/logo/favicon.png]
[wowtheme7.com/tf/sasstech/assets/css/bootstrap.min.css]
[wowtheme7.com/tf/sasstech/assets/css/aos.css]
[wowtheme7.com/tf/sasstech/assets/css/swiper-bundle.min.css]
[wowtheme7.com/tf/sasstech/assets/css/magnific-popup.css]
[wowtheme7.com/tf/sasstech/assets/css/satoshi.css]
[wowtheme7.com/tf/sasstech/assets/css/main.css]
[wowtheme7.com/tf/sasstech/index.html]
[wowtheme7.com/tf/sasstech/assets/images/logo/logo.png]
[wowtheme7.com/tf/sasstech/assets/images/thumbs/home-img1.png]
[wowtheme7.com/tf/sasstech/assets/images/thumbs/home-img2.png]
[wowtheme7.com/tf/sasstech/index-3.html]
[wowtheme7.com/tf/sasstech/assets/images/thumbs/home-img3.png]
[wowtheme7.com/tf/sasstech/index-4.html]
[wowtheme7.com/tf/sasstech/assets/images/thumbs/home-img4.png]
[wowtheme7.com/tf/sasstech/index-5.html]
[wowtheme7.com/tf/sasstech/assets/images/thumbs/home-img5.png]
[wowtheme7.com/tf/sasstech/index-6.html]
[wowtheme7.com/tf/sasstech/assets/images/thumbs/home-img6.png]
[wowtheme7.com/tf/sasstech/assets/images/thumbs/coming-soon-img.png]
[wowtheme7.com/tf/sasstech/pricing-plan.html]
[wowtheme7.com/tf/sasstech/about.html]
[wowtheme7.com/tf/sasstech/app-intigration.html]
[wowtheme7.com/tf/sasstech/intigration-details.html]
[wowtheme7.com/tf/sasstech/policy-privacy.html]
[wowtheme7.com/tf/sasstech/faq.html]
[wowtheme7.com/tf/sasstech/project-details.html]
[wowtheme7.com/tf/sasstech/service-details.html]
[wowtheme7.com/tf/sasstech/shop.html]
[wowtheme7.com/tf/sasstech/shop-details.html]
[wowtheme7.com/tf/sasstech/cart.html]
[wowtheme7.com/tf/sasstech/checkout.html]
[wowtheme7.com/tf/sasstech/blog.html]
[wowtheme7.com/tf/sasstech/blog-details.html]
[wowtheme7.com/tf/sasstech/contact.html]
[wowtheme7.com/tf/sasstech/register.html]
[wowtheme7.com/tf/sasstech/login.html]
[wowtheme7.com/tf/sasstech/assets/images/shapes/cloud-shape.png]
[wowtheme7.com/tf/sasstech/assets/images/thumbs/banner-two-img.png]
[wowtheme7.com/tf/sasstech/assets/images/shapes/hand-thumb.png]
[wowtheme7.com/tf/sasstech/assets/images/thumbs/domain-img1.png]
[wowtheme7.com/tf/sasstech/assets/images/thumbs/domain-img2.png]
[wowtheme7.com/tf/sasstech/assets/images/thumbs/domain-img3.png]
[wowtheme7.com/tf/sasstech/assets/images/thumbs/domain-img4.png]
[wowtheme7.com/tf/sasstech/assets/images/thumbs/domain-img5.png]
[wowtheme7.com/tf/sasstech/assets/images/icons/ratings.svg]
[wowtheme7.com/tf/sasstech/assets/images/icons/trustpilot-star.svg]
[wowtheme7.com/tf/sasstech/assets/images/shapes/squre-box-shape.png]
[wowtheme7.com/tf/sasstech/assets/images/thumbs/about-two-img-bg.png]
[wowtheme7.com/tf/sasstech/assets/images/shapes/finger-shape.png]
[wowtheme7.com/tf/sasstech/assets/images/thumbs/about-slide-img1.png]
[wowtheme7.com/tf/sasstech/assets/images/thumbs/about-slide-img2.png]
[wowtheme7.com/tf/sasstech/assets/images/thumbs/about-slide-img3.png]
[wowtheme7.com/tf/sasstech/assets/images/shapes/curve-arrow-two.png]
[wowtheme7.com/tf/sasstech/assets/images/shapes/wave-shape.png]
[wowtheme7.com/tf/sasstech/assets/images/shapes/dots-circle-round.png]
[wowtheme7.com/tf/sasstech/assets/images/icons/hosting-plan-icon1.png]
[wowtheme7.com/tf/sasstech/assets/images/icons/hosting-plan-icon2.png]
[wowtheme7.com/tf/sasstech/assets/images/icons/hosting-plan-icon3.png]
[wowtheme7.com/tf/sasstech/assets/images/icons/hosting-plan-icon4.png]
[wowtheme7.com/tf/sasstech/assets/images/thumbs/degree-view-img1.png]
[wowtheme7.com/tf/sasstech/assets/images/thumbs/degree-view-img2.png]
[wowtheme7.com/tf/sasstech/assets/images/thumbs/degree-view-img3.png]
[wowtheme7.com/tf/sasstech/assets/images/shapes/border-square.png]
[wowtheme7.com/tf/sasstech/assets/images/thumbs/search-domain-img2.png]
[wowtheme7.com/tf/sasstech/assets/images/thumbs/search-domain-img1.png]
[wowtheme7.com/tf/sasstech/assets/images/thumbs/search-domain-two-img1.png]
[wowtheme7.com/tf/sasstech/assets/images/thumbs/search-domain-two-img2.png]
[wowtheme7.com/tf/sasstech/assets/images/thumbs/search-domain-two-img3.png]
[wowtheme7.com/tf/sasstech/assets/images/thumbs/search-domain-two-img4.png]
[wowtheme7.com/tf/sasstech/assets/images/thumbs/search-domain-two-img5.png]
[wowtheme7.com/tf/sasstech/assets/images/thumbs/search-domain-two-img6.png]
[wowtheme7.com/tf/sasstech/assets/images/shapes/arrow-curve-main.png]
[wowtheme7.com/tf/sasstech/assets/images/icons/pricing-icon1.svg]
[wowtheme7.com/tf/sasstech/assets/images/icons/pricing-icon2.svg]
[wowtheme7.com/tf/sasstech/assets/images/icons/pricing-icon3.svg]
[wowtheme7.com/tf/sasstech/assets/images/icons/pricing-icon4.svg]
[wowtheme7.com/tf/sasstech/assets/images/icons/pricing-icon5.svg]
[wowtheme7.com/tf/sasstech/assets/images/icons/pricing-icon6.svg]
[wowtheme7.com/tf/sasstech/assets/images/icons/pricing-icon7.svg]
[wowtheme7.com/tf/sasstech/assets/images/shapes/rope-shape.png]
[wowtheme7.com/tf/sasstech/assets/images/shapes/matherboard-shape.png]
[wowtheme7.com/tf/sasstech/assets/images/icons/service-icon1.svg]
[wowtheme7.com/tf/sasstech/assets/images/icons/service-icon2.svg]
[wowtheme7.com/tf/sasstech/assets/images/icons/service-icon3.svg]
[wowtheme7.com/tf/sasstech/assets/images/icons/service-icon4.svg]
[wowtheme7.com/tf/sasstech/assets/images/thumbs/brand-marketing-img.png]
[wowtheme7.com/tf/sasstech/assets/images/icons/star.svg]
[wowtheme7.com/tf/sasstech/assets/images/icons/verified-icon.svg]
[wowtheme7.com/tf/sasstech/assets/images/shapes/moon-shape.png]
[wowtheme7.com/tf/sasstech/assets/images/thumbs/website-owner-img1.png]
[wowtheme7.com/tf/sasstech/assets/images/thumbs/website-owner-img2.png]
[wowtheme7.com/tf/sasstech/assets/images/thumbs/website-owner-img3.png]
[wowtheme7.com/tf/sasstech/assets/images/thumbs/website-owner-img4.png]
[wowtheme7.com/tf/sasstech/assets/images/thumbs/website-owner-img5.png]
[wowtheme7.com/tf/sasstech/assets/images/thumbs/website-owner-img6.png]
[wowtheme7.com/tf/sasstech/assets/images/logo/logo-white.png]
[wowtheme7.com/tf/sasstech/assets/js/jquery-3.7.1.min.js]
[wowtheme7.com/tf/sasstech/assets/js/phosphor-icon.js]
[wowtheme7.com/tf/sasstech/assets/js/boostrap.bundle.min.js]
[wowtheme7.com/tf/sasstech/assets/js/gsap.min.js]
[wowtheme7.com/tf/sasstech/assets/js/ScrollTrigger.min.js]
[wowtheme7.com/tf/sasstech/assets/js/ScrollSmoother.min.js]
[wowtheme7.com/tf/sasstech/assets/js/SplitText.min.js]
[wowtheme7.com/tf/sasstech/assets/js/custom-gsap.js]
[wowtheme7.com/tf/sasstech/assets/js/aos.js]
[wowtheme7.com/tf/sasstech/assets/js/counterup.min.js]
[wowtheme7.com/tf/sasstech/assets/js/swiper-bundle.min.js]
[wowtheme7.com/tf/sasstech/assets/js/jquery.marquee.min.js]
[wowtheme7.com/tf/sasstech/assets/js/magnific-popup.min.js]
[wowtheme7.com/tf/sasstech/index-2.html]
[wowtheme7.com/tf/sasstech/assets/js/main.js]
[wowtheme7.com/tf/sasstech/assets/css/bootstrap.min.css]
[wowtheme7.com/tf/sasstech/assets/css/aos.css]
[wowtheme7.com/tf/sasstech/assets/css/swiper-bundle.min.css]
[wowtheme7.com/tf/sasstech/assets/css/magnific-popup.css]
[wowtheme7.com/tf/sasstech/assets/css/satoshi.css]
[wowtheme7.com/tf/sasstech/assets/css/main.css]
[wowtheme7.com/tf/sasstech/assets/images/icons/chart-icon.svg]
[wowtheme7.com/tf/sasstech/assets/images/shapes/sqaure_shape.png]
[wowtheme7.com/tf/sasstech/assets/images/thumbs/client-img1.png]
[wowtheme7.com/tf/sasstech/assets/images/thumbs/client-img2.png]
[wowtheme7.com/tf/sasstech/assets/images/thumbs/client-img3.png]
[wowtheme7.com/tf/sasstech/assets/images/thumbs/banner-img.png]
[wowtheme7.com/tf/sasstech/assets/images/shapes/revenue-shape.png]
[wowtheme7.com/tf/sasstech/assets/images/thumbs/revenue-chart.png]
[wowtheme7.com/tf/sasstech/assets/images/thumbs/brand-img1.png]
[wowtheme7.com/tf/sasstech/assets/images/thumbs/brand-img2.png]
[wowtheme7.com/tf/sasstech/assets/images/thumbs/brand-img3.png]
[wowtheme7.com/tf/sasstech/assets/images/thumbs/brand-img4.png]
[wowtheme7.com/tf/sasstech/assets/images/thumbs/brand-img5.png]
[wowtheme7.com/tf/sasstech/assets/images/thumbs/brand-img6.png]
[wowtheme7.com/tf/sasstech/assets/images/thumbs/brand-img7.png]
[wowtheme7.com/tf/sasstech/assets/images/icons/arrow-up.svg]
[wowtheme7.com/tf/sasstech/assets/images/thumbs/model.png]
[wowtheme7.com/tf/sasstech/assets/images/icons/about-icon1.svg]
[wowtheme7.com/tf/sasstech/assets/images/icons/about-icon2.svg]
[wowtheme7.com/tf/sasstech/assets/images/icons/about-icon3.svg]
[wowtheme7.com/tf/sasstech/assets/images/shapes/curve-arrow-white.png]
[wowtheme7.com/tf/sasstech/assets/images/icons/roadmap-icon1.svg]
[wowtheme7.com/tf/sasstech/assets/images/icons/roadmap-icon2.svg]
[wowtheme7.com/tf/sasstech/assets/images/icons/roadmap-icon3.svg]
[wowtheme7.com/tf/sasstech/assets/images/icons/roadmap-icon4.svg]
[wowtheme7.com/tf/sasstech/assets/images/icons/roadmap-icon5.svg]
[wowtheme7.com/tf/sasstech/assets/images/icons/roadmap-icon6.svg]
[wowtheme7.com/tf/sasstech/assets/images/icons/roadmap-icon7.svg]
[wowtheme7.com/tf/sasstech/assets/images/icons/roadmap-icon8.svg]
[wowtheme7.com/tf/sasstech/assets/images/shapes/curve-line.png]
[wowtheme7.com/tf/sasstech/assets/images/icons/arrow-up-green.svg]
[wowtheme7.com/tf/sasstech/assets/images/thumbs/offer-img1.png]
[wowtheme7.com/tf/sasstech/assets/images/thumbs/offer-img2.png]
[wowtheme7.com/tf/sasstech/assets/images/thumbs/offer-img3.png]
[wowtheme7.com/tf/sasstech/assets/images/thumbs/offer-img4.png]
[wowtheme7.com/tf/sasstech/assets/images/thumbs/offer-img5.png]
[wowtheme7.com/tf/sasstech/assets/images/shapes/faq-bg.png]
[wowtheme7.com/tf/sasstech/assets/images/thumbs/faq-thumb2.png]
[wowtheme7.com/tf/sasstech/assets/images/thumbs/faq-thumb1.png]
[wowtheme7.com/tf/sasstech/assets/images/thumbs/faq-thumb3.png]
[wowtheme7.com/tf/sasstech/assets/images/thumbs/faq-thumb4.png]
[wowtheme7.com/tf/sasstech/assets/images/thumbs/faq-img-1.png]
[wowtheme7.com/tf/sasstech/assets/images/thumbs/faq-img-2.png]
[wowtheme7.com/tf/sasstech/assets/images/thumbs/faq-img-3.png]
[wowtheme7.com/tf/sasstech/assets/images/thumbs/choose-us-img.png]
[wowtheme7.com/tf/sasstech/assets/images/thumbs/choose-us-icon1.png]
[wowtheme7.com/tf/sasstech/assets/images/thumbs/choose-us-icon2.png]
[wowtheme7.com/tf/sasstech/assets/images/thumbs/choose-us-icon3.png]
[wowtheme7.com/tf/sasstech/assets/images/thumbs/choose-us-icon4.png]
[wowtheme7.com/tf/sasstech/assets/images/thumbs/show-case-img1.png]
[wowtheme7.com/tf/sasstech/assets/images/thumbs/show-case-img2.png]
[wowtheme7.com/tf/sasstech/assets/images/thumbs/show-case-img3.png]
[wowtheme7.com/tf/sasstech/assets/images/thumbs/show-case-img4.png]
[wowtheme7.com/tf/sasstech/assets/images/thumbs/testimonials-img1.png]
[wowtheme7.com/tf/sasstech/assets/images/thumbs/testimonials-short-img1.png]
[wowtheme7.com/tf/sasstech/assets/images/thumbs/testimonials-img3.png]
[wowtheme7.com/tf/sasstech/assets/images/thumbs/testimonials-short-img3.png]
[wowtheme7.com/tf/sasstech/assets/images/thumbs/testimonials-img2.png]
[wowtheme7.com/tf/sasstech/assets/images/thumbs/testimonials-short-img2.png]
[wowtheme7.com/tf/sasstech/assets/images/shapes/shape-image.png]
[wowtheme7.com/tf/sasstech/assets/images/thumbs/blog-img1.png]
[wowtheme7.com/tf/sasstech/assets/images/thumbs/blog-img2.png]
[wowtheme7.com/tf/sasstech/assets/images/thumbs/model-img.png]
[wowtheme7.com/tf/sasstech/assets/images/shapes/arrow-right-curve.png]
[wowtheme7.com/tf/sasstech/assets/images/icons/arrow-up-main.svg]
[wowtheme7.com/tf/sasstech/assets/images/icons/store1.png]
[wowtheme7.com/tf/sasstech/assets/images/icons/store2.png]
[wowtheme7.com/tf/sasstech/assets/images/thumbs/footer-img.png]
[wowtheme7.com/tf/sasstech/assets/images/icons/map.svg]
[wowtheme7.com/tf/sasstech/assets/images/icons/phone.svg]
[wowtheme7.com/tf/sasstech/index.html]
[wowtheme7.com/tf/sasstech/assets/images/logo/logo-white-two.png]
[wowtheme7.com/tf/sasstech/assets/images/shapes/cloud-sky.png]
[wowtheme7.com/tf/sasstech/assets/images/icons/download-cloud-icon.png]
[wowtheme7.com/tf/sasstech/assets/images/thumbs/banner-three-img.png]
[wowtheme7.com/tf/sasstech/assets/images/thumbs/brand-three-img1.png]
[wowtheme7.com/tf/sasstech/assets/images/thumbs/brand-three-img2.png]
[wowtheme7.com/tf/sasstech/assets/images/thumbs/brand-three-img3.png]
[wowtheme7.com/tf/sasstech/assets/images/thumbs/brand-three-img4.png]
[wowtheme7.com/tf/sasstech/assets/images/thumbs/brand-three-img5.png]
[wowtheme7.com/tf/sasstech/assets/images/thumbs/brand-three-img6.png]
[wowtheme7.com/tf/sasstech/assets/images/thumbs/brand-three-img7.png]
[wowtheme7.com/tf/sasstech/assets/images/shapes/gradient-blue-yellow.png]
[wowtheme7.com/tf/sasstech/assets/images/icons/features-three-icon1.svg]
[wowtheme7.com/tf/sasstech/assets/images/icons/features-three-icon2.svg]
[wowtheme7.com/tf/sasstech/assets/images/icons/features-three-icon3.svg]
[wowtheme7.com/tf/sasstech/assets/images/icons/features-three-icon4.svg]
[wowtheme7.com/tf/sasstech/assets/images/shapes/curve-way.png]
[wowtheme7.com/tf/sasstech/assets/images/shapes/dashboard-screen.png]
[wowtheme7.com/tf/sasstech/assets/images/logo/logo-two.png]
[wowtheme7.com/tf/sasstech/assets/images/icons/workplace-tab-icon1.svg]
[wowtheme7.com/tf/sasstech/assets/images/icons/workplace-tab-icon2.svg]
[wowtheme7.com/tf/sasstech/assets/images/icons/workplace-tab-icon3.svg]
[wowtheme7.com/tf/sasstech/assets/images/icons/workplace-tab-icon4.svg]
[wowtheme7.com/tf/sasstech/assets/images/icons/workplace-tab-icon5.svg]
[wowtheme7.com/tf/sasstech/assets/images/thumbs/workplace-tab-thumb.png]
[wowtheme7.com/tf/sasstech/assets/images/icons/check-star.png]
[wowtheme7.com/tf/sasstech/assets/images/thumbs/automation-thumb.png]
[wowtheme7.com/tf/sasstech/assets/images/thumbs/task-manager-thumb.png]
[wowtheme7.com/tf/sasstech/assets/images/icons/task-manager-icon1.svg]
[wowtheme7.com/tf/sasstech/assets/images/icons/task-manager-icon2.svg]
[wowtheme7.com/tf/sasstech/assets/images/thumbs/plan-execute-img1.png]
[wowtheme7.com/tf/sasstech/assets/images/thumbs/plan-execute-img3.png]
[wowtheme7.com/tf/sasstech/assets/images/thumbs/plan-execute-img2.png]
[wowtheme7.com/tf/sasstech/assets/images/thumbs/plan-execute-img4.png]
[wowtheme7.com/tf/sasstech/assets/images/thumbs/testimonials-three-thumbs.png]
[wowtheme7.com/tf/sasstech/assets/images/thumbs/client-img.png]
[wowtheme7.com/tf/sasstech/assets/images/shapes/net-shape.png]
[wowtheme7.com/tf/sasstech/assets/images/thumbs/distraction-icon1.png]
[wowtheme7.com/tf/sasstech/assets/images/thumbs/distraction-icon2.png]
[wowtheme7.com/tf/sasstech/assets/images/thumbs/distraction-icon3.png]
[wowtheme7.com/tf/sasstech/assets/images/thumbs/distraction-icon4.png]
[wowtheme7.com/tf/sasstech/assets/images/thumbs/distraction-icon5.png]
[wowtheme7.com/tf/sasstech/assets/images/thumbs/distraction-icon6.png]
[wowtheme7.com/tf/sasstech/assets/images/thumbs/distraction-icon7.png]
[wowtheme7.com/tf/sasstech/assets/images/thumbs/laptop-man.png]
[wowtheme7.com/tf/sasstech/assets/images/shapes/hill-shape.png]
[wowtheme7.com/tf/sasstech/assets/images/thumbs/task-management-img.png]
[wowtheme7.com/tf/sasstech/assets/images/logo/logo-three.png]
[wowtheme7.com/tf/sasstech/index-3.html]
[wowtheme7.com/tf/sasstech/assets/images/logo/logo-four.png]
[wowtheme7.com/tf/sasstech/assets/images/bg/mash-gradient-bg1.png]
[wowtheme7.com/tf/sasstech/assets/images/thumbs/banner-dashboard.png]
[wowtheme7.com/tf/sasstech/assets/images/bg/mash-gradient-bg3.png]
[wowtheme7.com/tf/sasstech/assets/images/thumbs/about-four-thumb-1.png]
[wowtheme7.com/tf/sasstech/assets/images/thumbs/about-four-thumb-3.png]
[wowtheme7.com/tf/sasstech/assets/images/thumbs/about-four-thumb-2.png]
[wowtheme7.com/tf/sasstech/assets/images/bg/mash-gradient-bg2.png]
[wowtheme7.com/tf/sasstech/assets/images/thumbs/features-four-thumb101.png]
[wowtheme7.com/tf/sasstech/assets/images/thumbs/features-four-thumb102.png]
[wowtheme7.com/tf/sasstech/assets/images/thumbs/features-four-thumb2.png]
[wowtheme7.com/tf/sasstech/assets/images/thumbs/features-four-thumb3.png]
[wowtheme7.com/tf/sasstech/assets/images/thumbs/features-four-thumb4.png]
[wowtheme7.com/tf/sasstech/assets/images/thumbs/about-four-two-thumb.png]
[wowtheme7.com/tf/sasstech/assets/images/thumbs/robot-img.png]
[wowtheme7.com/tf/sasstech/assets/images/bg/mash-gradient-bg4.png]
[wowtheme7.com/tf/sasstech/assets/images/thumbs/about-four-three-thumb1.png]
[wowtheme7.com/tf/sasstech/assets/images/thumbs/about-four-three-thumb2.png]
[wowtheme7.com/tf/sasstech/assets/images/bg/mash-gradient-bg5.png]
[wowtheme7.com/tf/sasstech/assets/images/icons/testimonials-four-icon1.png]
[wowtheme7.com/tf/sasstech/assets/images/icons/testimonials-four-icon2.png]
[wowtheme7.com/tf/sasstech/assets/images/bg/mash-gradient-bg6.png]
[wowtheme7.com/tf/sasstech/assets/images/shapes/rounded-circle.png]
[wowtheme7.com/tf/sasstech/assets/images/shapes/round-icons-big.png]
[wowtheme7.com/tf/sasstech/assets/images/shapes/round-icons-small.png]
[wowtheme7.com/tf/sasstech/assets/images/thumbs/driven-img.png]
[wowtheme7.com/tf/sasstech/assets/images/icons/phone-icon.png]
[wowtheme7.com/tf/sasstech/assets/images/icons/message-icon.png]
[wowtheme7.com/tf/sasstech/index-4.html]
[wowtheme7.com/tf/sasstech/assets/images/shapes/wave-line-shadow.png]
[wowtheme7.com/tf/sasstech/assets/images/icons/store-two1.png]
[wowtheme7.com/tf/sasstech/assets/images/icons/store-two2.png]
[wowtheme7.com/tf/sasstech/assets/images/thumbs/banner-five-thumb.png]
[wowtheme7.com/tf/sasstech/assets/images/thumbs/work-process-five-thumb.png]
[wowtheme7.com/tf/sasstech/assets/images/thumbs/offer-five-thumb.png]
[wowtheme7.com/tf/sasstech/assets/images/icons/offer-five-icon1.png]
[wowtheme7.com/tf/sasstech/assets/images/icons/offer-five-icon2.png]
[wowtheme7.com/tf/sasstech/assets/images/icons/about-features-two-icon1.svg]
[wowtheme7.com/tf/sasstech/assets/images/icons/about-features-two-icon2.svg]
[wowtheme7.com/tf/sasstech/assets/images/icons/about-features-two-icon3.svg]
[wowtheme7.com/tf/sasstech/assets/images/icons/about-features-two-icon4.svg]
[wowtheme7.com/tf/sasstech/assets/images/thumbs/download-app-thumb.png]
[wowtheme7.com/tf/sasstech/assets/images/shapes/arrow-synchronize.png]
[wowtheme7.com/tf/sasstech/assets/images/shapes/pattern-shape1.png]
[wowtheme7.com/tf/sasstech/assets/images/thumbs/app-download-thumb.png]
[wowtheme7.com/tf/sasstech/assets/images/icons/pricing-five-icon1.svg]
[wowtheme7.com/tf/sasstech/index-5.html]
[wowtheme7.com/tf/sasstech/assets/images/logo/logo-white-three.png]
[wowtheme7.com/tf/sasstech/assets/images/bg/banner-six-gradient-bg.png]
[wowtheme7.com/tf/sasstech/assets/images/thumbs/payment-cards.png]
[wowtheme7.com/tf/sasstech/assets/images/shapes/curve-arrow-six.png]
[wowtheme7.com/tf/sasstech/assets/images/icons/how-it-works-six-icon1.png]
[wowtheme7.com/tf/sasstech/assets/images/icons/how-it-works-six-icon2.png]
[wowtheme7.com/tf/sasstech/assets/images/icons/how-it-works-six-icon3.png]
[wowtheme7.com/tf/sasstech/assets/images/thumbs/about-six-img.png]
[wowtheme7.com/tf/sasstech/assets/images/bg/service-six-bg.png]
[wowtheme7.com/tf/sasstech/assets/images/icons/service-six-icon1.png]
[wowtheme7.com/tf/sasstech/assets/images/icons/arrow-long.svg]
[wowtheme7.com/tf/sasstech/assets/images/icons/service-six-icon2.png]
[wowtheme7.com/tf/sasstech/assets/images/icons/service-six-icon3.png]
[wowtheme7.com/tf/sasstech/assets/images/icons/service-six-icon4.png]
[wowtheme7.com/tf/sasstech/assets/images/icons/service-six-icon5.png]
[wowtheme7.com/tf/sasstech/assets/images/icons/service-six-icon6.png]
[wowtheme7.com/tf/sasstech/assets/images/thumbs/payment-method-img1.png]
[wowtheme7.com/tf/sasstech/assets/images/thumbs/payment-method-img2.png]
[wowtheme7.com/tf/sasstech/assets/images/thumbs/payment-method-img3.png]
[wowtheme7.com/tf/sasstech/assets/images/thumbs/payment-method-img4.png]
[wowtheme7.com/tf/sasstech/assets/images/thumbs/payment-method-img5.png]
[wowtheme7.com/tf/sasstech/assets/images/thumbs/payment-method-img6.png]
[wowtheme7.com/tf/sasstech/assets/images/thumbs/payment-method-img.png]
[wowtheme7.com/tf/sasstech/assets/images/bg/download-app-six-bg.png]
[wowtheme7.com/tf/sasstech/assets/images/shapes/pattern-shape-six.png]
[wowtheme7.com/tf/sasstech/assets/images/shapes/curve-shape-six.png]
[wowtheme7.com/tf/sasstech/assets/images/icons/download-app-six-img1.png]
[wowtheme7.com/tf/sasstech/assets/images/thumbs/download-app-six-thumb.png]
[wowtheme7.com/tf/sasstech/assets/images/thumbs/faq-six-img.png]
[wowtheme7.com/tf/sasstech/assets/images/thumbs/powerful-feature-icon1.png]
[wowtheme7.com/tf/sasstech/assets/images/thumbs/powerful-feature-icon2.png]
[wowtheme7.com/tf/sasstech/assets/images/thumbs/powerful-feature-icon3.png]
[wowtheme7.com/tf/sasstech/assets/images/thumbs/powerful-feature-icon4.png]
[wowtheme7.com/tf/sasstech/assets/images/thumbs/powerful-feature-icon5.png]
[wowtheme7.com/tf/sasstech/assets/images/thumbs/powerful-feature-icon6.png]
[wowtheme7.com/tf/sasstech/assets/images/thumbs/powerful-feature-icon7.png]
[wowtheme7.com/tf/sasstech/assets/images/bg/testimonials-six-bg.png]
[wowtheme7.com/tf/sasstech/assets/images/shapes/testimonials-six-shape.png]
[wowtheme7.com/tf/sasstech/assets/images/icons/contact-six-icon1.png]
[wowtheme7.com/tf/sasstech/assets/images/icons/contact-six-icon2.png]
[wowtheme7.com/tf/sasstech/assets/images/icons/contact-six-icon3.png]
[wowtheme7.com/tf/sasstech/index-6.html]
[wowtheme7.com/tf/sasstech/assets/images/logo/favicon-two.png]
[wowtheme7.com/tf/sasstech/assets/images/shapes/half-moon-shape.png]
[wowtheme7.com/tf/sasstech/pricing-plan.html]
[wowtheme7.com/tf/sasstech/assets/images/thumbs/about-banner-img1.png]
[wowtheme7.com/tf/sasstech/assets/images/thumbs/about-banner-img2.png]
[wowtheme7.com/tf/sasstech/assets/images/thumbs/about-banner-img3.png]
[wowtheme7.com/tf/sasstech/assets/images/thumbs/about-banner-img4.png]
[wowtheme7.com/tf/sasstech/assets/images/thumbs/about-banner-img5.png]
[wowtheme7.com/tf/sasstech/assets/images/thumbs/about-banner-img6.png]
[wowtheme7.com/tf/sasstech/assets/images/thumbs/about-banner-img7.png]
[wowtheme7.com/tf/sasstech/assets/images/thumbs/about-banner-img8.png]
[wowtheme7.com/tf/sasstech/assets/images/thumbs/about-banner-img9.png]
[wowtheme7.com/tf/sasstech/assets/images/thumbs/about-banner-img10.png]
[wowtheme7.com/tf/sasstech/assets/images/thumbs/about-banner-img11.png]
[wowtheme7.com/tf/sasstech/assets/images/thumbs/about-banner-img12.png]
[wowtheme7.com/tf/sasstech/assets/images/icons/sparkle.png]
[wowtheme7.com/tf/sasstech/assets/images/icons/about-features-icon1.svg]
[wowtheme7.com/tf/sasstech/assets/images/icons/about-features-icon2.svg]
[wowtheme7.com/tf/sasstech/assets/images/icons/about-features-icon3.svg]
[wowtheme7.com/tf/sasstech/assets/images/icons/about-features-icon4.svg]
[wowtheme7.com/tf/sasstech/assets/images/thumbs/about-team-img1.jpg]
[wowtheme7.com/tf/sasstech/assets/images/thumbs/about-team-img2.jpg]
[wowtheme7.com/tf/sasstech/assets/images/thumbs/about-team-img3.jpg]
[wowtheme7.com/tf/sasstech/assets/images/thumbs/about-team-img4.jpg]
[wowtheme7.com/tf/sasstech/about.html]
[wowtheme7.com/tf/sasstech/assets/images/icons/seamless-icon1.png]
[wowtheme7.com/tf/sasstech/assets/images/icons/seamless-icon2.png]
[wowtheme7.com/tf/sasstech/assets/images/icons/seamless-icon3.png]
[wowtheme7.com/tf/sasstech/assets/images/icons/seamless-icon4.png]
[wowtheme7.com/tf/sasstech/assets/images/icons/seamless-icon5.png]
[wowtheme7.com/tf/sasstech/assets/images/icons/seamless-icon6.png]
[wowtheme7.com/tf/sasstech/assets/images/icons/seamless-icon7.png]
[wowtheme7.com/tf/sasstech/assets/images/icons/seamless-icon8.png]
[wowtheme7.com/tf/sasstech/app-intigration.html]
[wowtheme7.com/tf/sasstech/intigration-details.html]
[wowtheme7.com/tf/sasstech/policy-privacy.html]
[wowtheme7.com/tf/sasstech/faq.html]
[wowtheme7.com/tf/sasstech/assets/images/thumbs/project-details-img1.png]
[wowtheme7.com/tf/sasstech/assets/images/thumbs/project-details-img2.png]
[wowtheme7.com/tf/sasstech/assets/images/thumbs/project-details-img3.png]
[wowtheme7.com/tf/sasstech/assets/images/thumbs/project-details-img4.png]
[wowtheme7.com/tf/sasstech/project-details.html]
[wowtheme7.com/tf/sasstech/assets/images/thumbs/service-details-img.png]
[wowtheme7.com/tf/sasstech/assets/images/thumbs/service-details-video-img.jpg]
[wowtheme7.com/tf/sasstech/assets/images/thumbs/service-details-img1.jpg]
[wowtheme7.com/tf/sasstech/assets/images/thumbs/service-details-img2.jpg]
[wowtheme7.com/tf/sasstech/assets/images/thumbs/service-details-img3.jpg]
[wowtheme7.com/tf/sasstech/assets/images/thumbs/service-details-img4.jpg]
[wowtheme7.com/tf/sasstech/service-details.html]
[wowtheme7.com/tf/sasstech/assets/images/thumbs/product-img1.png]
[wowtheme7.com/tf/sasstech/assets/images/thumbs/product-img2.png]
[wowtheme7.com/tf/sasstech/assets/images/thumbs/product-img3.png]
[wowtheme7.com/tf/sasstech/assets/images/thumbs/product-img4.png]
[wowtheme7.com/tf/sasstech/assets/images/thumbs/product-img5.png]
[wowtheme7.com/tf/sasstech/assets/images/thumbs/product-img6.png]
[wowtheme7.com/tf/sasstech/assets/images/thumbs/product-img7.png]
[wowtheme7.com/tf/sasstech/assets/images/thumbs/product-img8.png]
[wowtheme7.com/tf/sasstech/assets/images/thumbs/product-img9.png]
[wowtheme7.com/tf/sasstech/assets/images/thumbs/product-img10.png]
[wowtheme7.com/tf/sasstech/assets/images/thumbs/product-img11.png]
[wowtheme7.com/tf/sasstech/assets/images/thumbs/product-img12.png]
[wowtheme7.com/tf/sasstech/shop.html]
[wowtheme7.com/tf/sasstech/assets/images/thumbs/shop-details-thumb1.png]
[wowtheme7.com/tf/sasstech/assets/images/thumbs/shop-details-thumb2.png]
[wowtheme7.com/tf/sasstech/assets/images/thumbs/shop-details-thumb3.png]
[wowtheme7.com/tf/sasstech/assets/images/thumbs/shop-details-thumb4.png]
[wowtheme7.com/tf/sasstech/assets/images/thumbs/shop-details-thumb5.png]
[wowtheme7.com/tf/sasstech/assets/images/thumbs/shop-details-small-thumb1.png]
[wowtheme7.com/tf/sasstech/assets/images/thumbs/shop-details-small-thumb2.png]
[wowtheme7.com/tf/sasstech/assets/images/thumbs/shop-details-small-thumb3.png]
[wowtheme7.com/tf/sasstech/assets/images/thumbs/shop-details-small-thumb4.png]
[wowtheme7.com/tf/sasstech/assets/images/thumbs/shop-details-small-thumb5.png]
[wowtheme7.com/tf/sasstech/shop-details.html]
[wowtheme7.com/tf/sasstech/assets/images/thumbs/cart-img1.png]
[wowtheme7.com/tf/sasstech/assets/images/thumbs/cart-img2.png]
[wowtheme7.com/tf/sasstech/assets/images/thumbs/cart-img3.png]
[wowtheme7.com/tf/sasstech/assets/images/thumbs/cart-img4.png]
[wowtheme7.com/tf/sasstech/cart.html]
[wowtheme7.com/tf/sasstech/checkout.html]
[wowtheme7.com/tf/sasstech/assets/images/thumbs/blog-page-img1.png]
[wowtheme7.com/tf/sasstech/assets/images/thumbs/blog-page-img2.png]
[wowtheme7.com/tf/sasstech/assets/images/thumbs/blog-page-img3.png]
[wowtheme7.com/tf/sasstech/assets/images/thumbs/blogger.png]
[wowtheme7.com/tf/sasstech/assets/images/thumbs/recent-post-img1.png]
[wowtheme7.com/tf/sasstech/assets/images/thumbs/recent-post-img2.png]
[wowtheme7.com/tf/sasstech/assets/images/thumbs/recent-post-img3.png]
[wowtheme7.com/tf/sasstech/blog.html]
[wowtheme7.com/tf/sasstech/assets/images/icons/quate-blog.svg]
[wowtheme7.com/tf/sasstech/assets/images/thumbs/invest-img.png]
[wowtheme7.com/tf/sasstech/assets/images/thumbs/blog-details-img1.png]
[wowtheme7.com/tf/sasstech/assets/images/thumbs/blog-details-img2.png]
[wowtheme7.com/tf/sasstech/assets/images/thumbs/comment-img1.jpg]
[wowtheme7.com/tf/sasstech/assets/images/icons/reply.svg]
[wowtheme7.com/tf/sasstech/assets/images/thumbs/comment-img2.png]
[wowtheme7.com/tf/sasstech/blog-details.html]
[wowtheme7.com/tf/sasstech/assets/images/icons/contact-icon1.svg]
[wowtheme7.com/tf/sasstech/assets/images/icons/contact-icon2.svg]
[wowtheme7.com/tf/sasstech/assets/images/icons/contact-icon3.svg]
[wowtheme7.com/tf/sasstech/contact.html]
[wowtheme7.com/tf/sasstech/register.html]
[wowtheme7.com/tf/sasstech/live-chat.html]
[wowtheme7.com/tf/sasstech/login.html]
[wowtheme7.com/tf/sasstech/assets/images/icons/ratings.svg]
[wowtheme7.com/tf/sasstech/assets/images/icons/trustpilot-star.svg]
[wowtheme7.com/tf/sasstech/assets/images/icons/pricing-icon1.svg]
[wowtheme7.com/tf/sasstech/assets/images/icons/pricing-icon2.svg]
[wowtheme7.com/tf/sasstech/assets/images/icons/pricing-icon3.svg]
[wowtheme7.com/tf/sasstech/assets/images/icons/pricing-icon4.svg]
[wowtheme7.com/tf/sasstech/assets/images/icons/pricing-icon5.svg]
[wowtheme7.com/tf/sasstech/assets/images/icons/pricing-icon6.svg]
[wowtheme7.com/tf/sasstech/assets/images/icons/pricing-icon7.svg]
[wowtheme7.com/tf/sasstech/assets/images/icons/service-icon1.svg]
[wowtheme7.com/tf/sasstech/assets/images/icons/service-icon2.svg]
[wowtheme7.com/tf/sasstech/assets/images/icons/service-icon3.svg]
[wowtheme7.com/tf/sasstech/assets/images/icons/service-icon4.svg]
[wowtheme7.com/tf/sasstech/assets/images/icons/star.svg]
[wowtheme7.com/tf/sasstech/assets/images/icons/verified-icon.svg]
[wowtheme7.com/tf/sasstech/assets/images/icons/chart-icon.svg]
[wowtheme7.com/tf/sasstech/assets/images/icons/arrow-up.svg]
[wowtheme7.com/tf/sasstech/assets/images/icons/about-icon1.svg]
[wowtheme7.com/tf/sasstech/assets/images/icons/about-icon2.svg]
[wowtheme7.com/tf/sasstech/assets/images/icons/about-icon3.svg]
[wowtheme7.com/tf/sasstech/assets/images/icons/roadmap-icon1.svg]
[wowtheme7.com/tf/sasstech/assets/images/icons/roadmap-icon2.svg]
[wowtheme7.com/tf/sasstech/assets/images/icons/roadmap-icon3.svg]
[wowtheme7.com/tf/sasstech/assets/images/icons/roadmap-icon4.svg]
[wowtheme7.com/tf/sasstech/assets/images/icons/roadmap-icon5.svg]
[wowtheme7.com/tf/sasstech/assets/images/icons/roadmap-icon6.svg]
[wowtheme7.com/tf/sasstech/assets/images/icons/roadmap-icon7.svg]
[wowtheme7.com/tf/sasstech/assets/images/icons/roadmap-icon8.svg]
[wowtheme7.com/tf/sasstech/assets/images/icons/arrow-up-green.svg]
[wowtheme7.com/tf/sasstech/assets/images/icons/arrow-up-main.svg]
[wowtheme7.com/tf/sasstech/assets/images/icons/map.svg]
[wowtheme7.com/tf/sasstech/assets/images/icons/phone.svg]
[wowtheme7.com/tf/sasstech/assets/images/icons/features-three-icon1.svg]
[wowtheme7.com/tf/sasstech/assets/images/icons/features-three-icon2.svg]
[wowtheme7.com/tf/sasstech/assets/images/icons/features-three-icon3.svg]
[wowtheme7.com/tf/sasstech/assets/images/icons/features-three-icon4.svg]
[wowtheme7.com/tf/sasstech/assets/images/icons/workplace-tab-icon1.svg]
[wowtheme7.com/tf/sasstech/assets/images/icons/workplace-tab-icon2.svg]
[wowtheme7.com/tf/sasstech/assets/images/icons/workplace-tab-icon3.svg]
[wowtheme7.com/tf/sasstech/assets/images/icons/workplace-tab-icon4.svg]
[wowtheme7.com/tf/sasstech/assets/images/icons/workplace-tab-icon5.svg]
[wowtheme7.com/tf/sasstech/assets/images/icons/task-manager-icon1.svg]
[wowtheme7.com/tf/sasstech/assets/images/icons/task-manager-icon2.svg]
[wowtheme7.com/tf/sasstech/assets/images/icons/about-features-two-icon1.svg]
[wowtheme7.com/tf/sasstech/assets/images/icons/about-features-two-icon2.svg]
[wowtheme7.com/tf/sasstech/assets/images/icons/about-features-two-icon3.svg]
[wowtheme7.com/tf/sasstech/assets/images/icons/about-features-two-icon4.svg]
[wowtheme7.com/tf/sasstech/assets/images/icons/pricing-five-icon1.svg]
[wowtheme7.com/tf/sasstech/assets/images/icons/arrow-long.svg]
[wowtheme7.com/tf/sasstech/assets/images/icons/about-features-icon1.svg]
[wowtheme7.com/tf/sasstech/assets/images/icons/about-features-icon2.svg]
[wowtheme7.com/tf/sasstech/assets/images/icons/about-features-icon3.svg]
[wowtheme7.com/tf/sasstech/assets/images/icons/about-features-icon4.svg]
[wowtheme7.com/tf/sasstech/project.html]
[wowtheme7.com/tf/sasstech/service.html]
[wowtheme7.com/tf/sasstech/shop-detail.html]
[wowtheme7.com/tf/sasstech/assets/images/icons/quate-blog.svg]
[wowtheme7.com/tf/sasstech/assets/images/icons/reply.svg]
[wowtheme7.com/tf/sasstech/assets/images/icons/contact-icon1.svg]
[wowtheme7.com/tf/sasstech/assets/images/icons/contact-icon2.svg]
[wowtheme7.com/tf/sasstech/assets/images/icons/contact-icon3.svg]
